[root@localhost vagrant]# ls -a
.  ..  .git  Vagrantfile
[root@localhost vagrant]# cd ..
[root@localhost /]# ls
bin  boot  dev  etc  home  lib  lib64  media  mnt  opt  proc  root  run  sbin  srv  sys  tmp  usr  vagrant  var
[root@localhost /]# cd va
bash: cd: va: No such file or directory
[root@localhost /]# cd vagrant/
[root@localhost vagrant]# mkdir test
[root@localhost vagrant]# ls
test  Vagrantfile
[root@localhost vagrant]# rm -rf test/
[root@localhost vagrant]# ;ls
bash: syntax error near unexpected token `;'
[root@localhost vagrant]# ls
Vagrantfile
[root@localhost vagrant]# git status
# On branch master
# Changes not staged for commit:
#   (use "git add/rm <file>..." to update what will be committed)
#   (use "git checkout -- <file>..." to discard changes in working directory)
#
#	deleted:    .vagrant/machines/default/virtualbox/action_provision
#	deleted:    .vagrant/machines/default/virtualbox/action_set_name
#	deleted:    .vagrant/machines/default/virtualbox/creator_uid
#	deleted:    .vagrant/machines/default/virtualbox/id
#	deleted:    .vagrant/machines/default/virtualbox/index_uuid
#	deleted:    .vagrant/machines/default/virtualbox/private_key
#	deleted:    .vagrant/machines/default/virtualbox/synced_folders
#	deleted:    .vagrant/machines/default/virtualbox/vagrant_cwd
#
no changes added to commit (use "git add" and/or "git commit -a")
[root@localhost vagrant]# git branch
* master
[root@localhost vagrant]# cd ..
[root@localhost /]# ls
bin  boot  dev  etc  home  lib  lib64  media  mnt  opt  proc  root  run  sbin  srv  sys  tmp  usr  vagrant  var
[root@localhost /]# cd usr/
[root@localhost usr]# ls
bin  etc  games  include  lib  lib64  libexec  local  sbin  share  src  tmp
[root@localhost usr]# cd ..
[root@localhost /]# ls
bin  boot  dev  etc  home  lib  lib64  media  mnt  opt  proc  root  run  sbin  srv  sys  tmp  usr  vagrant  var
[root@localhost /]# cd home/
[root@localhost home]# ls
vagrant
[root@localhost home]# cd vagrant/
[root@localhost vagrant]# ls
HUG  node-v0.10.30  node-v0.10.30.tar.gz
[root@localhost vagrant]# clear




[root@localhost vagrant]# docker ps -a
CONTAINER ID        IMAGE               COMMAND             CREATED             STATUS                     PORTS               NAMES
e9043d29c618        hello-world         "/hello"            3 minutes ago       Exited (0) 3 minutes ago                       brave_elion
[root@localhost vagrant]# ls
HUG  node-v0.10.30  node-v0.10.30.tar.gz
[root@localhost vagrant]# vim stop_docker.sh
[root@localhost vagrant]# bash stop_docker.sh 
e9043d29c618
e9043d29c618
Untagged: hello-world:latest
Untagged: hello-world@sha256:f5233545e43561214ca4891fd1157e1c3c563316ed8e237750d59bde73361e77
Deleted: sha256:e38bc07ac18ee64e6d59cf2eafcdddf9cec2364dfe129fe0af75f1b0194e0c96
Deleted: sha256:2b8cbd0846c5aeaa7265323e7cf085779eaf244ccbdd982c4931aef9be0d2faf
[root@localhost vagrant]# docker ps -a
CONTAINER ID        IMAGE               COMMAND             CREATED             STATUS              PORTS               NAMES
[root@localhost vagrant]# docker image ls -a
REPOSITORY          TAG                 IMAGE ID            CREATED             SIZE
[root@localhost vagrant]# ls
HUG  node-v0.10.30  node-v0.10.30.tar.gz  stop_docker.sh
[root@localhost vagrant]# mkdir Docker ; cd Docker; mkdir MongoDB; cd MongoDB; pwd
/home/vagrant/Docker/MongoDB
[root@localhost MongoDB]# vim Dockerfile
[root@localhost MongoDB]# atom .
bash: atom: command not found
[root@localhost MongoDB]# vim Dockerfile
[root@localhost MongoDB]# sudo docker build -t mongodb .
Sending build context to Docker daemon   2.56kB
Step 1/7 : FROM ubuntu:16.04
16.04: Pulling from library/ubuntu
b234f539f7a1: Pull complete 
55172d420b43: Pull complete 
5ba5bbeb6b91: Pull complete 
43ae2841ad7a: Pull complete 
f6c9c6de4190: Pull complete 
Digest: sha256:b050c1822d37a4463c01ceda24d0fc4c679b0dd3c43e742730e2884d3c582e3a
Status: Downloaded newer image for ubuntu:16.04
 ---> 5e8b97a2a082
Step 2/7 : RUN apt-key adv --keyserver hkp://keyserver.ubuntu.com:80 --recv EA312927
 ---> Running in 5664d3df257a
Executing: /tmp/tmp.BBTcSMJLqO/gpg.1.sh --keyserver
hkp://keyserver.ubuntu.com:80
--recv
EA312927
gpg: requesting key EA312927 from hkp server keyserver.ubuntu.com
gpg: key EA312927: public key "MongoDB 3.2 Release Signing Key <packaging@mongodb.com>" imported
gpg: Total number processed: 1
gpg:               imported: 1  (RSA: 1)
Removing intermediate container 5664d3df257a
 ---> 2acef9f7db22
Step 3/7 : RUN echo "deb http://repo.mongodb.org/apt/ubuntu $(cat /etc/lsb-release | grep DISTRIB_CODENAME | cut -d= -f2)/mongodb-org/3.2 multiverse" | tee /etc/apt/sources.list.d/mongodb-org-3.2.list
 ---> Running in d19d17d9ec05
deb http://repo.mongodb.org/apt/ubuntu xenial/mongodb-org/3.2 multiverse
Removing intermediate container d19d17d9ec05
 ---> 500850b39cc1
Step 4/7 : RUN apt-get update && apt-get install -y mongodb-org
 ---> Running in 352fb2fd2b9a
Get:1 http://security.ubuntu.com/ubuntu xenial-security InRelease [107 kB]
Ign:2 http://repo.mongodb.org/apt/ubuntu xenial/mongodb-org/3.2 InRelease
Get:3 http://repo.mongodb.org/apt/ubuntu xenial/mongodb-org/3.2 Release [3462 B]
Get:4 http://repo.mongodb.org/apt/ubuntu xenial/mongodb-org/3.2 Release.gpg [801 B]
Get:5 http://archive.ubuntu.com/ubuntu xenial InRelease [247 kB]
Get:6 http://repo.mongodb.org/apt/ubuntu xenial/mongodb-org/3.2/multiverse amd64 Packages [10.1 kB]
Get:7 http://security.ubuntu.com/ubuntu xenial-security/universe Sources [81.2 kB]
Get:8 http://security.ubuntu.com/ubuntu xenial-security/main amd64 Packages [652 kB]
Get:9 http://security.ubuntu.com/ubuntu xenial-security/restricted amd64 Packages [12.7 kB]
Get:10 http://security.ubuntu.com/ubuntu xenial-security/universe amd64 Packages [450 kB]
Get:11 http://security.ubuntu.com/ubuntu xenial-security/multiverse amd64 Packages [3735 B]
Get:12 http://archive.ubuntu.com/ubuntu xenial-updates InRelease [109 kB]
Get:13 http://archive.ubuntu.com/ubuntu xenial-backports InRelease [107 kB]
Get:14 http://archive.ubuntu.com/ubuntu xenial/universe Sources [9802 kB]
Get:15 http://archive.ubuntu.com/ubuntu xenial/main amd64 Packages [1558 kB]
Get:16 http://archive.ubuntu.com/ubuntu xenial/restricted amd64 Packages [14.1 kB]
Get:17 http://archive.ubuntu.com/ubuntu xenial/universe amd64 Packages [9827 kB]
Get:18 http://archive.ubuntu.com/ubuntu xenial/multiverse amd64 Packages [176 kB]
Get:19 http://archive.ubuntu.com/ubuntu xenial-updates/universe Sources [257 kB]
Get:20 http://archive.ubuntu.com/ubuntu xenial-updates/main amd64 Packages [1028 kB]
Get:21 http://archive.ubuntu.com/ubuntu xenial-updates/restricted amd64 Packages [13.1 kB]
Get:22 http://archive.ubuntu.com/ubuntu xenial-updates/universe amd64 Packages [821 kB]
Get:23 http://archive.ubuntu.com/ubuntu xenial-updates/multiverse amd64 Packages [18.8 kB]
Get:24 http://archive.ubuntu.com/ubuntu xenial-backports/main amd64 Packages [5157 B]
Get:25 http://archive.ubuntu.com/ubuntu xenial-backports/universe amd64 Packages [9047 B]
Fetched 25.3 MB in 20s (1244 kB/s)
Reading package lists...
Reading package lists...
Building dependency tree...
Reading state information...
The following additional packages will be installed:
  libssl1.0.0 mongodb-org-mongos mongodb-org-server mongodb-org-shell
  mongodb-org-tools
The following NEW packages will be installed:
  libssl1.0.0 mongodb-org mongodb-org-mongos mongodb-org-server
  mongodb-org-shell mongodb-org-tools
0 upgraded, 6 newly installed, 0 to remove and 6 not upgraded.
Need to get 52.8 MB of archives.
After this operation, 218 MB of additional disk space will be used.
Get:1 http://repo.mongodb.org/apt/ubuntu xenial/mongodb-org/3.2/multiverse amd64 mongodb-org-shell amd64 3.2.20 [5277 kB]
Get:2 http://archive.ubuntu.com/ubuntu xenial-updates/main amd64 libssl1.0.0 amd64 1.0.2g-1ubuntu4.13 [1083 kB]
Get:3 http://repo.mongodb.org/apt/ubuntu xenial/mongodb-org/3.2/multiverse amd64 mongodb-org-server amd64 3.2.20 [10.0 MB]
Get:4 http://repo.mongodb.org/apt/ubuntu xenial/mongodb-org/3.2/multiverse amd64 mongodb-org-mongos amd64 3.2.20 [4677 kB]
Get:5 http://repo.mongodb.org/apt/ubuntu xenial/mongodb-org/3.2/multiverse amd64 mongodb-org-tools amd64 3.2.20 [31.8 MB]
Get:6 http://repo.mongodb.org/apt/ubuntu xenial/mongodb-org/3.2/multiverse amd64 mongodb-org amd64 3.2.20 [3550 B]
debconf: delaying package configuration, since apt-utils is not installed
Fetched 52.8 MB in 23s (2250 kB/s)
Selecting previously unselected package libssl1.0.0:amd64.
(Reading database ... 4768 files and directories currently installed.)
Preparing to unpack .../libssl1.0.0_1.0.2g-1ubuntu4.13_amd64.deb ...
Unpacking libssl1.0.0:amd64 (1.0.2g-1ubuntu4.13) ...
Selecting previously unselected package mongodb-org-shell.
Preparing to unpack .../mongodb-org-shell_3.2.20_amd64.deb ...
Unpacking mongodb-org-shell (3.2.20) ...
Selecting previously unselected package mongodb-org-server.
Preparing to unpack .../mongodb-org-server_3.2.20_amd64.deb ...
Unpacking mongodb-org-server (3.2.20) ...
Selecting previously unselected package mongodb-org-mongos.
Preparing to unpack .../mongodb-org-mongos_3.2.20_amd64.deb ...
Unpacking mongodb-org-mongos (3.2.20) ...
Selecting previously unselected package mongodb-org-tools.
Preparing to unpack .../mongodb-org-tools_3.2.20_amd64.deb ...
Unpacking mongodb-org-tools (3.2.20) ...
Selecting previously unselected package mongodb-org.
Preparing to unpack .../mongodb-org_3.2.20_amd64.deb ...
Unpacking mongodb-org (3.2.20) ...
Processing triggers for libc-bin (2.23-0ubuntu10) ...
Setting up libssl1.0.0:amd64 (1.0.2g-1ubuntu4.13) ...
debconf: unable to initialize frontend: Dialog
debconf: (TERM is not set, so the dialog frontend is not usable.)
debconf: falling back to frontend: Readline
debconf: unable to initialize frontend: Readline
debconf: (Can't locate Term/ReadLine.pm in @INC (you may need to install the Term::ReadLine module) (@INC contains: /etc/perl /usr/local/lib/x86_64-linux-gnu/perl/5.22.1 /usr/local/share/perl/5.22.1 /usr/lib/x86_64-linux-gnu/perl5/5.22 /usr/share/perl5 /usr/lib/x86_64-linux-gnu/perl/5.22 /usr/share/perl/5.22 /usr/local/lib/site_perl /usr/lib/x86_64-linux-gnu/perl-base .) at /usr/share/perl5/Debconf/FrontEnd/Readline.pm line 7.)
debconf: falling back to frontend: Teletype
Setting up mongodb-org-shell (3.2.20) ...
Setting up mongodb-org-server (3.2.20) ...
Adding system user `mongodb' (UID 105) ...
Adding new user `mongodb' (UID 105) with group `nogroup' ...
Not creating home directory `/home/mongodb'.
Adding group `mongodb' (GID 106) ...
Done.
Adding user `mongodb' to group `mongodb' ...
Adding user mongodb to group mongodb
Done.
Setting up mongodb-org-mongos (3.2.20) ...
Setting up mongodb-org-tools (3.2.20) ...
Setting up mongodb-org (3.2.20) ...
Processing triggers for libc-bin (2.23-0ubuntu10) ...
Removing intermediate container 352fb2fd2b9a
 ---> f592617cdcac
Step 5/7 : RUN mkdir -p /data/db
 ---> Running in 77a76fe5aeaa
Removing intermediate container 77a76fe5aeaa
 ---> 1be385e9556a
Step 6/7 : EXPOSE 27017
 ---> Running in feb2897bbc7c
Removing intermediate container feb2897bbc7c
 ---> f352320946d9
Step 7/7 : ENTRYPOINT ["/usr/bin/mongod"]
 ---> Running in ca675f5d2178
Removing intermediate container ca675f5d2178
 ---> d20cb38bf9fb
Successfully built d20cb38bf9fb
Successfully tagged mongodb:latest
[root@localhost MongoDB]# sudo docker run --name mongo -i -t mongodb
2018-06-28T14:14:45.782+0000 I CONTROL  [initandlisten] MongoDB starting : pid=1 port=27017 dbpath=/data/db 64-bit host=e190e030dcba
2018-06-28T14:14:45.782+0000 I CONTROL  [initandlisten] db version v3.2.20
2018-06-28T14:14:45.782+0000 I CONTROL  [initandlisten] git version: a7a144f40b70bfe290906eb33ff2714933544af8
2018-06-28T14:14:45.782+0000 I CONTROL  [initandlisten] OpenSSL version: OpenSSL 1.0.2g  1 Mar 2016
2018-06-28T14:14:45.782+0000 I CONTROL  [initandlisten] allocator: tcmalloc
2018-06-28T14:14:45.782+0000 I CONTROL  [initandlisten] modules: none
2018-06-28T14:14:45.782+0000 I CONTROL  [initandlisten] build environment:
2018-06-28T14:14:45.782+0000 I CONTROL  [initandlisten]     distmod: ubuntu1604
2018-06-28T14:14:45.782+0000 I CONTROL  [initandlisten]     distarch: x86_64
2018-06-28T14:14:45.782+0000 I CONTROL  [initandlisten]     target_arch: x86_64
2018-06-28T14:14:45.782+0000 I CONTROL  [initandlisten] options: {}
2018-06-28T14:14:45.801+0000 I STORAGE  [initandlisten] wiredtiger_open config: create,cache_size=1G,session_max=20000,eviction=(threads_min=4,threads_max=4),config_base=false,statistics=(fast),log=(enabled=true,archive=true,path=journal,compressor=snappy),file_manager=(close_idle_time=100000),checkpoint=(wait=60,log_size=2GB),statistics_log=(wait=0),verbose=(recovery_progress),
2018-06-28T14:14:45.891+0000 I CONTROL  [initandlisten] ** WARNING: You are running this process as the root user, which is not recommended.
2018-06-28T14:14:45.891+0000 I CONTROL  [initandlisten] 
2018-06-28T14:14:45.900+0000 I FTDC     [initandlisten] Initializing full-time diagnostic data capture with directory '/data/db/diagnostic.data'
2018-06-28T14:14:45.900+0000 I NETWORK  [initandlisten] waiting for connections on port 27017
2018-06-28T14:14:45.900+0000 I NETWORK  [HostnameCanonicalizationWorker] Starting hostname canonicalization worker
^C2018-06-28T14:20:04.664+0000 I CONTROL  [signalProcessingThread] got signal 2 (Interrupt), will terminate after current cmd ends
2018-06-28T14:20:04.665+0000 I FTDC     [signalProcessingThread] Shutting down full-time diagnostic data capture
2018-06-28T14:20:04.667+0000 I CONTROL  [signalProcessingThread] now exiting
2018-06-28T14:20:04.667+0000 I NETWORK  [signalProcessingThread] shutdown: going to close listening sockets...
2018-06-28T14:20:04.667+0000 I NETWORK  [signalProcessingThread] closing listening socket: 5
2018-06-28T14:20:04.667+0000 I NETWORK  [signalProcessingThread] closing listening socket: 6
2018-06-28T14:20:04.667+0000 I NETWORK  [signalProcessingThread] removing socket file: /tmp/mongodb-27017.sock
2018-06-28T14:20:04.667+0000 I NETWORK  [signalProcessingThread] shutdown: going to flush diaglog...
2018-06-28T14:20:04.667+0000 I NETWORK  [signalProcessingThread] shutdown: going to close sockets...
2018-06-28T14:20:04.667+0000 I STORAGE  [signalProcessingThread] WiredTigerKVEngine shutting down
2018-06-28T14:20:04.788+0000 I STORAGE  [signalProcessingThread] shutdown: removing fs lock...
2018-06-28T14:20:04.789+0000 I CONTROL  [signalProcessingThread] dbexit:  rc: 0
[root@localhost MongoDB]# sudo docker run --name mongo -i -t mongodb
docker: Error response from daemon: Conflict. The container name "/mongo" is already in use by container "e190e030dcbad58c9233472fd32c2f3954d74278d9cdd9bff60fef2d90a3bedb". You have to remove (or rename) that container to be able to reuse that name.
See 'docker run --help'.
[root@localhost MongoDB]# sudo docker run --name mongo -i -t mongodb
docker: Error response from daemon: Conflict. The container name "/mongo" is already in use by container "e190e030dcbad58c9233472fd32c2f3954d74278d9cdd9bff60fef2d90a3bedb". You have to remove (or rename) that container to be able to reuse that name.
See 'docker run --help'.
[root@localhost MongoDB]# docker image ls
REPOSITORY          TAG                 IMAGE ID            CREATED             SIZE
mongodb             latest              d20cb38bf9fb        6 minutes ago       373MB
ubuntu              16.04               5e8b97a2a082        3 weeks ago         114MB
[root@localhost MongoDB]# docker ps -a
CONTAINER ID        IMAGE               COMMAND             CREATED             STATUS                      PORTS               NAMES
e190e030dcba        mongodb             "/usr/bin/mongod"   5 minutes ago       Exited (0) 26 seconds ago                       mongo
[root@localhost MongoDB]# sudo docker run --name mongo -i -t mongodb
docker: Error response from daemon: Conflict. The container name "/mongo" is already in use by container "e190e030dcbad58c9233472fd32c2f3954d74278d9cdd9bff60fef2d90a3bedb". You have to remove (or rename) that container to be able to reuse that name.
See 'docker run --help'.
[root@localhost MongoDB]# ls
Dockerfile
[root@localhost MongoDB]# mkdir bitnami/mongo
mkdir: cannot create directory ‘bitnami/mongo’: No such file or directory
[root@localhost MongoDB]# mkdir bitnami_mongo
[root@localhost MongoDB]# cd bitnami_mongo/
[root@localhost bitnami_mongo]# vim docker-compose.yml
[root@localhost bitnami_mongo]# docker-compose built -t .
bash: docker-compose: command not found
[root@localhost bitnami_mongo]# $ curl -L https://github.com/docker/compose/releases/download/1.16.1/docker-compose-`uname -s`-`uname -m` > ./docker-compose
bash: $: command not found
[root@localhost bitnami_mongo]# sudo rm /usr/local/bin/docker-compose
rm: cannot remove ‘/usr/local/bin/docker-compose’: No such file or directory
[root@localhost bitnami_mongo]# sudo yum -y install python-pip
Loaded plugins: fastestmirror
Loading mirror speeds from cached hostfile
 * base: mirror.team-cymru.com
 * epel: mirror.grid.uchicago.edu
 * extras: mirror.team-cymru.com
 * updates: repo.us.bigstepcloud.com
Resolving Dependencies
--> Running transaction check
---> Package python2-pip.noarch 0:8.1.2-6.el7 will be installed
--> Finished Dependency Resolution

Dependencies Resolved

=======================================================================================================================
 Package                        Arch                      Version                        Repository               Size
=======================================================================================================================
Installing:
 python2-pip                    noarch                    8.1.2-6.el7                    epel                    1.7 M

Transaction Summary
=======================================================================================================================
Install  1 Package

Total download size: 1.7 M
Installed size: 7.2 M
Downloading packages:
python2-pip-8.1.2-6.el7.noarch.rpm                                                              | 1.7 MB  00:00:00     
Running transaction check
Running transaction test
Transaction test succeeded
Running transaction
  Installing : python2-pip-8.1.2-6.el7.noarch                                                                      1/1 
  Verifying  : python2-pip-8.1.2-6.el7.noarch                                                                      1/1 

Installed:
  python2-pip.noarch 0:8.1.2-6.el7                                                                                     

Complete!
[root@localhost bitnami_mongo]# sudo pip install docker-compose
Collecting docker-compose
  Downloading https://files.pythonhosted.org/packages/27/3c/6fcaa3b546ae8103c444149a1746f9a7043df7503e12bad318e8217312fb/docker_compose-1.21.2-py2.py3-none-any.whl (123kB)
    100% |████████████████████████████████| 133kB 2.0MB/s 
Requirement already satisfied (use --upgrade to upgrade): PyYAML<4,>=3.10 in /usr/lib64/python2.7/site-packages (from docker-compose)
Requirement already satisfied (use --upgrade to upgrade): backports.ssl-match-hostname>=3.5; python_version < "3.5" in /usr/lib/python2.7/site-packages (from docker-compose)
Requirement already satisfied (use --upgrade to upgrade): six<2,>=1.3.0 in /usr/lib/python2.7/site-packages (from docker-compose)
Requirement already satisfied (use --upgrade to upgrade): enum34<2,>=1.0.4; python_version < "3.4" in /usr/lib/python2.7/site-packages (from docker-compose)
Collecting docker<4.0,>=3.3.0 (from docker-compose)
  Downloading https://files.pythonhosted.org/packages/f6/8e/597e81a41598afac5c68180d778bc8513bc763c66158875ddb060371b6f9/docker-3.4.0-py2.py3-none-any.whl (122kB)
    100% |████████████████████████████████| 122kB 6.2MB/s 
Collecting texttable<0.10,>=0.9.0 (from docker-compose)
  Downloading https://files.pythonhosted.org/packages/02/e1/2565e6b842de7945af0555167d33acfc8a615584ef7abd30d1eae00a4d80/texttable-0.9.1.tar.gz
Collecting dockerpty<0.5,>=0.4.1 (from docker-compose)
  Downloading https://files.pythonhosted.org/packages/8d/ee/e9ecce4c32204a6738e0a5d5883d3413794d7498fe8b06f44becc028d3ba/dockerpty-0.4.1.tar.gz
Requirement already satisfied (use --upgrade to upgrade): ipaddress>=1.0.16; python_version < "3.3" in /usr/lib/python2.7/site-packages (from docker-compose)
Collecting requests!=2.11.0,!=2.12.2,!=2.18.0,<2.19,>=2.6.1 (from docker-compose)
  Downloading https://files.pythonhosted.org/packages/49/df/50aa1999ab9bde74656c2919d9c0c085fd2b3775fd3eca826012bef76d8c/requests-2.18.4-py2.py3-none-any.whl (88kB)
    100% |████████████████████████████████| 92kB 4.6MB/s 
Collecting websocket-client<1.0,>=0.32.0 (from docker-compose)
  Downloading https://files.pythonhosted.org/packages/8a/a1/72ef9aa26cfe1a75cee09fc1957e4723add9de098c15719416a1ee89386b/websocket_client-0.48.0-py2.py3-none-any.whl (198kB)
    100% |████████████████████████████████| 204kB 3.4MB/s 
Collecting docopt<0.7,>=0.6.1 (from docker-compose)
  Downloading https://files.pythonhosted.org/packages/a2/55/8f8cab2afd404cf578136ef2cc5dfb50baa1761b68c9da1fb1e4eed343c9/docopt-0.6.2.tar.gz
Collecting jsonschema<3,>=2.5.1 (from docker-compose)
  Downloading https://files.pythonhosted.org/packages/77/de/47e35a97b2b05c2fadbec67d44cfcdcd09b8086951b331d82de90d2912da/jsonschema-2.6.0-py2.py3-none-any.whl
Collecting cached-property<2,>=1.2.0 (from docker-compose)
  Downloading https://files.pythonhosted.org/packages/88/09/4b7a484f96cbceda746e03f0167021c909c3ceae1c6f2e844d79476cb70e/cached_property-1.4.3-py2.py3-none-any.whl
Collecting docker-pycreds>=0.3.0 (from docker<4.0,>=3.3.0->docker-compose)
  Downloading https://files.pythonhosted.org/packages/ea/bf/7e70aeebc40407fbdb96fa9f79fc8e4722ea889a99378303e3bcc73f4ab5/docker_pycreds-0.3.0-py2.py3-none-any.whl
Collecting urllib3<1.23,>=1.21.1 (from requests!=2.11.0,!=2.12.2,!=2.18.0,<2.19,>=2.6.1->docker-compose)
  Downloading https://files.pythonhosted.org/packages/63/cb/6965947c13a94236f6d4b8223e21beb4d576dc72e8130bd7880f600839b8/urllib3-1.22-py2.py3-none-any.whl (132kB)
    100% |████████████████████████████████| 133kB 7.3MB/s 
Collecting idna<2.7,>=2.5 (from requests!=2.11.0,!=2.12.2,!=2.18.0,<2.19,>=2.6.1->docker-compose)
  Downloading https://files.pythonhosted.org/packages/27/cc/6dd9a3869f15c2edfab863b992838277279ce92663d334df9ecf5106f5c6/idna-2.6-py2.py3-none-any.whl (56kB)
    100% |████████████████████████████████| 61kB 8.9MB/s 
Collecting chardet<3.1.0,>=3.0.2 (from requests!=2.11.0,!=2.12.2,!=2.18.0,<2.19,>=2.6.1->docker-compose)
  Downloading https://files.pythonhosted.org/packages/bc/a9/01ffebfb562e4274b6487b4bb1ddec7ca55ec7510b22e4c51f14098443b8/chardet-3.0.4-py2.py3-none-any.whl (133kB)
    100% |████████████████████████████████| 143kB 4.5MB/s 
Collecting certifi>=2017.4.17 (from requests!=2.11.0,!=2.12.2,!=2.18.0,<2.19,>=2.6.1->docker-compose)
  Downloading https://files.pythonhosted.org/packages/7c/e6/92ad559b7192d846975fc916b65f667c7b8c3a32bea7372340bfe9a15fa5/certifi-2018.4.16-py2.py3-none-any.whl (150kB)
    100% |████████████████████████████████| 153kB 2.8MB/s 
Collecting functools32; python_version == "2.7" (from jsonschema<3,>=2.5.1->docker-compose)
  Downloading https://files.pythonhosted.org/packages/c5/60/6ac26ad05857c601308d8fb9e87fa36d0ebf889423f47c3502ef034365db/functools32-3.2.3-2.tar.gz
Building wheels for collected packages: texttable, dockerpty, docopt, functools32
  Running setup.py bdist_wheel for texttable ... done
  Stored in directory: /root/.cache/pip/wheels/99/1e/2b/8452d3a48dad98632787556a0f2f90d56703b39cdf7d142dd1
  Running setup.py bdist_wheel for dockerpty ... done
  Stored in directory: /root/.cache/pip/wheels/e5/1e/86/bd0a97a0907c6c654af654d5875d1d4383dd1f575f77cee4aa
  Running setup.py bdist_wheel for docopt ... done
  Stored in directory: /root/.cache/pip/wheels/9b/04/dd/7daf4150b6d9b12949298737de9431a324d4b797ffd63f526e
  Running setup.py bdist_wheel for functools32 ... done
  Stored in directory: /root/.cache/pip/wheels/b5/18/32/77a1030457155606ba5e3ec3a8a57132b1a04b1c4f765177b2
Successfully built texttable dockerpty docopt functools32
Installing collected packages: websocket-client, docker-pycreds, urllib3, idna, chardet, certifi, requests, docker, texttable, dockerpty, docopt, functools32, jsonschema, cached-property, docker-compose
  Found existing installation: idna 2.4
    Uninstalling idna-2.4:
      Successfully uninstalled idna-2.4
  Found existing installation: chardet 2.2.1
    Uninstalling chardet-2.2.1:
      Successfully uninstalled chardet-2.2.1
Successfully installed cached-property-1.4.3 certifi-2018.4.16 chardet-3.0.4 docker-3.4.0 docker-compose-1.21.2 docker-pycreds-0.3.0 dockerpty-0.4.1 docopt-0.6.2 functools32-3.2.3.post2 idna-2.6 jsonschema-2.6.0 requests-2.18.4 texttable-0.9.1 urllib3-1.22 websocket-client-0.48.0
[root@localhost bitnami_mongo]# pwd
/home/vagrant/Docker/MongoDB/bitnami_mongo
[root@localhost bitnami_mongo]# ls
docker-compose  docker-compose.yml
[root@localhost bitnami_mongo]# cat docker-compose
[root@localhost bitnami_mongo]# rm -rf docker-compose
[root@localhost bitnami_mongo]# docker-compose build -t .
Build or rebuild services.

Services are built once and then tagged as `project_service`,
e.g. `composetest_db`. If you change a service's `Dockerfile` or the
contents of its build directory, you can run `docker-compose build` to rebuild it.

Usage: build [options] [--build-arg key=val...] [SERVICE...]

Options:
    --compress              Compress the build context using gzip.
    --force-rm              Always remove intermediate containers.
    --no-cache              Do not use cache when building the image.
    --pull                  Always attempt to pull a newer version of the image.
    -m, --memory MEM        Sets memory limit for the build container.
    --build-arg key=val     Set build-time variables for services.
[root@localhost bitnami_mongo]# docker-compose up
Creating network "bitnami_mongo_default" with the default driver
Creating volume "bitnami_mongo_mongodb_data" with local driver
Pulling mongodb (bitnami/mongodb:3.6)...
3.6: Pulling from bitnami/mongodb
94921271ec3a: Pull complete
b8478a8bce2b: Pull complete
3ac236401bf6: Pull complete
ae56db4de94c: Pull complete
61cb3478fe41: Pull complete
da8911d81853: Pull complete
e5976781ce8c: Pull complete
23ea5023af9c: Pull complete
adcc73225252: Pull complete
f49579023d8a: Pull complete
Digest: sha256:7253b9bc583a035b401ee57b479ec1eaab2c69073e43870bb66a72f1b38d75ba
Status: Downloaded newer image for bitnami/mongodb:3.6
Creating bitnami_mongo_mongodb_1 ... done
Attaching to bitnami_mongo_mongodb_1
mongodb_1  | 
mongodb_1  | Welcome to the Bitnami mongodb container
mongodb_1  | Subscribe to project updates by watching https://github.com/bitnami/bitnami-docker-mongodb
mongodb_1  | Submit issues and feature requests at https://github.com/bitnami/bitnami-docker-mongodb/issues
mongodb_1  | 
mongodb_1  | nami    INFO  Initializing mongodb
mongodb_1  | mongodb INFO  ==> Deploying MongoDB from scratch...
mongodb_1  | mongodb INFO  ==> No injected configuration files found. Creating default config files...
mongodb_1  | mongodb INFO 
mongodb_1  | mongodb INFO  ########################################################################
mongodb_1  | mongodb INFO   Installation parameters for mongodb:
mongodb_1  | mongodb INFO     Root Password: Not set during installation
mongodb_1  | mongodb INFO   (Passwords are not shown for security reasons)
mongodb_1  | mongodb INFO  ########################################################################
mongodb_1  | mongodb INFO 
mongodb_1  | nami    INFO  mongodb successfully initialized
mongodb_1  | INFO  ==> Starting mongodb... 
mongodb_1  | INFO  ==> Starting mongod...
mongodb_1  | 2018-06-28T14:25:59.561+0000 I CONTROL  [initandlisten] MongoDB starting : pid=70 port=27017 dbpath=/opt/bitnami/mongodb/data/db 64-bit host=3028d406a96c
mongodb_1  | 2018-06-28T14:25:59.561+0000 I CONTROL  [initandlisten] db version v3.6.5
mongodb_1  | 2018-06-28T14:25:59.561+0000 I CONTROL  [initandlisten] git version: a20ecd3e3a174162052ff99913bc2ca9a839d618
mongodb_1  | 2018-06-28T14:25:59.561+0000 I CONTROL  [initandlisten] OpenSSL version: OpenSSL 1.0.1t  3 May 2016
mongodb_1  | 2018-06-28T14:25:59.561+0000 I CONTROL  [initandlisten] allocator: tcmalloc
mongodb_1  | 2018-06-28T14:25:59.561+0000 I CONTROL  [initandlisten] modules: none
mongodb_1  | 2018-06-28T14:25:59.561+0000 I CONTROL  [initandlisten] build environment:
mongodb_1  | 2018-06-28T14:25:59.561+0000 I CONTROL  [initandlisten]     distmod: debian81
mongodb_1  | 2018-06-28T14:25:59.561+0000 I CONTROL  [initandlisten]     distarch: x86_64
mongodb_1  | 2018-06-28T14:25:59.561+0000 I CONTROL  [initandlisten]     target_arch: x86_64
mongodb_1  | 2018-06-28T14:25:59.561+0000 I CONTROL  [initandlisten] options: { config: "/opt/bitnami/mongodb/conf/mongodb.conf", net: { bindIpAll: true, ipv6: true, port: 27017, unixDomainSocket: { enabled: true, pathPrefix: "/opt/bitnami/mongodb/tmp" } }, processManagement: { fork: false, pidFilePath: "/opt/bitnami/mongodb/tmp/mongodb.pid" }, security: { authorization: "disabled" }, setParameter: { enableLocalhostAuthBypass: "true" }, storage: { dbPath: "/opt/bitnami/mongodb/data/db", journal: { enabled: true } }, systemLog: { destination: "file", logAppend: true, path: true } }
mongodb_1  | 2018-06-28T14:25:59.561+0000 I -        [initandlisten] Detected data files in /opt/bitnami/mongodb/data/db created by the 'wiredTiger' storage engine, so setting the active storage engine to 'wiredTiger'.
mongodb_1  | 2018-06-28T14:25:59.561+0000 I STORAGE  [initandlisten] wiredtiger_open config: create,cache_size=256M,session_max=20000,eviction=(threads_min=4,threads_max=4),config_base=false,statistics=(fast),cache_cursors=false,log=(enabled=true,archive=true,path=journal,compressor=snappy),file_manager=(close_idle_time=100000),statistics_log=(wait=0),verbose=(recovery_progress),
mongodb_1  | 2018-06-28T14:26:00.356+0000 I STORAGE  [initandlisten] WiredTiger message [1530195960:346813][70:0x7f36a9b05a00], txn-recover: Main recovery loop: starting at 1/13696
mongodb_1  | 2018-06-28T14:26:00.677+0000 I STORAGE  [initandlisten] WiredTiger message [1530195960:677048][70:0x7f36a9b05a00], txn-recover: Recovering log 1 through 2
mongodb_1  | 2018-06-28T14:26:00.802+0000 I STORAGE  [initandlisten] WiredTiger message [1530195960:802161][70:0x7f36a9b05a00], txn-recover: Recovering log 2 through 2
mongodb_1  | 2018-06-28T14:26:00.869+0000 I STORAGE  [initandlisten] WiredTiger message [1530195960:868903][70:0x7f36a9b05a00], txn-recover: Set global recovery timestamp: 0
mongodb_1  | 2018-06-28T14:26:01.026+0000 I FTDC     [initandlisten] Initializing full-time diagnostic data capture with directory '/opt/bitnami/mongodb/data/db/diagnostic.data'
mongodb_1  | 2018-06-28T14:26:01.026+0000 I NETWORK  [initandlisten] waiting for connections on port 27017
^CGracefully stopping... (press Ctrl+C again to force)
Stopping bitnami_mongo_mongodb_1 ... done
[root@localhost bitnami_mongo]# ls
docker-compose.yml
[root@localhost bitnami_mongo]# vin docker-compose.yml 
bash: vin: command not found
[root@localhost bitnami_mongo]# vi docker-compose.yml 
[root@localhost bitnami_mongo]# ls
docker-compose.yml
[root@localhost bitnami_mongo]# cd ..
[root@localhost MongoDB]# ls
bitnami_mongo  Dockerfile
[root@localhost MongoDB]# vim Dockerfile 
[root@localhost MongoDB]# mkdir mongo
[root@localhost MongoDB]# cd mongo/
[root@localhost mongo]# vim Dockerfile
[root@localhost mongo]# docker build -t mongo .
Sending build context to Docker daemon   2.56kB
Error response from daemon: No build stage in current context
[root@localhost mongo]# ls
Dockerfile
[root@localhost mongo]# sudo docker build -t mongo .
Sending build context to Docker daemon   2.56kB
Error response from daemon: No build stage in current context
[root@localhost mongo]# docker ps -a
CONTAINER ID        IMAGE                 COMMAND                  CREATED             STATUS                      PORTS               NAMES
3028d406a96c        bitnami/mongodb:3.6   "/app-entrypoint.sh …"   10 minutes ago      Exited (0) 2 minutes ago                        bitnami_mongo_mongodb_1
e190e030dcba        mongodb               "/usr/bin/mongod"        21 minutes ago      Exited (0) 16 minutes ago                       mongo
[root@localhost mongo]# cd ..
[root@localhost MongoDB]# cd ..
[root@localhost Docker]# ls
MongoDB
[root@localhost Docker]# cd ..
[root@localhost vagrant]# ls
Docker  HUG  node-v0.10.30  node-v0.10.30.tar.gz  stop_docker.sh
[root@localhost vagrant]# bash stop_docker.sh 
3028d406a96c
e190e030dcba
3028d406a96c
e190e030dcba
Untagged: mongodb:latest
Deleted: sha256:d20cb38bf9fb2f3e5f8cdc0581069f162166506c18414f7f6c3e76439e3caebe
Deleted: sha256:f352320946d9bd2de93f168f0642dca48d40d0ed1025159c7283cc4588543fd9
Deleted: sha256:1be385e9556a887d0d279d057232c01f55bcc96f43cf0a223ef161b26ad0e45b
Deleted: sha256:326f3ec071a9c69284e46546762655d99ec2b7dcb875f08e351b68fef75ecf8b
Deleted: sha256:f592617cdcac05b8128403d68105d943c0cc78534e009199d35e7069317d372c
Deleted: sha256:8bf6c684b370c25db3bebb5878540bdeffc1da53ab17758695d47583030cdca7
Deleted: sha256:500850b39cc17c05e172e23db09af6e73ca9cd8208f818d3f5f3ad5f5159f317
Deleted: sha256:dad31729c5f09bb5a4730d2ad8a1a3222b369a2f19541b0b7d1a067a950e31a2
Deleted: sha256:2acef9f7db22283c2e5a6a8488bed18aeb63acf8bdb3155eaab2897f83a669b4
Deleted: sha256:4addc664a502eaac6d03e6ebef779866aec5c0448d3d2bc4a4a97b989e452992
Untagged: bitnami/mongodb:3.6
Untagged: bitnami/mongodb@sha256:7253b9bc583a035b401ee57b479ec1eaab2c69073e43870bb66a72f1b38d75ba
Deleted: sha256:a0713b64662a8e5430aa599705f8ea97e24a9d2f4e65e41f1558483b4d95acc7
Deleted: sha256:b4e279bb231ac7efad8799c5d3173f15a40a13f2d2a1c1fb26051ea1f38ebe6f
Deleted: sha256:c3c0fbfec3f9054a3026db502a597cf123a2204e96f6aca0bb18bc988fb76f18
Deleted: sha256:001e7e45c54b645af766e2d629f0f14a228d1c8b8b98347967e688ab53e24f56
Deleted: sha256:3f41888d2d1078152ec8ee0948e395801e85efccd8f636cb7ff76b9c762c545c
Deleted: sha256:90a7f234ca36dbd1a025995fbc996c90a87250a3276fcdfc7c0bcf36fb48bf2a
Deleted: sha256:7302a751cc16f18c301809c91bbab7821f4f7a1009a94af1b0eb12d8b2adf264
Deleted: sha256:da605da8b84cd8721076a68c35fcaaaf738f57bd96e5c729ef616f457deb3ae6
Deleted: sha256:cc3d87bb9750eb53685074ff02c99ebe7ec88fd830a79781a1d36d9bfab35de7
Deleted: sha256:efa9897d1a6ad0e12afeb26faebde0256ad64b2c90e43e8c22dd725e1e5da9a3
Deleted: sha256:fdd46353b4b3b74bf4fd1443ea26a9606a90a87699348cd4ec670e268bb0f237
Untagged: ubuntu:16.04
Untagged: ubuntu@sha256:b050c1822d37a4463c01ceda24d0fc4c679b0dd3c43e742730e2884d3c582e3a
Deleted: sha256:5e8b97a2a0820b10338bd91674249a94679e4568fd1183ea46acff63b9883e9c
Deleted: sha256:ef572e1ba2ecca900f0ec3db00e997de12dd380ce3e360b5813fd75920232359
Deleted: sha256:98fc4d5421178c7be7d5718d2d44abba8053dc5c712e51658fe5b872675b4f7a
Deleted: sha256:7b2cc05dfd889e28234f8831c80ac20cf299d5bbebbbac013f8f7d2b7abc0d65
Deleted: sha256:6b0187d1cdff63eb5966ac72bf4ccd96150586c1409eb858bb98783f02018ee7
Deleted: sha256:644879075e24394efef8a7dddefbc133aad42002df6223cacf98bd1e3d5ddde2
[root@localhost vagrant]# ls
Docker  HUG  node-v0.10.30  node-v0.10.30.tar.gz  stop_docker.sh
[root@localhost vagrant]# cd Docker/MongoDB/
bitnami_mongo/ mongo/         
[root@localhost vagrant]# cd Docker/MongoDB/
bitnami_mongo/ mongo/         
[root@localhost vagrant]# cd Docker/MongoDB/mongo/
[root@localhost mongo]# sudo docker build -t mongo .
Sending build context to Docker daemon   2.56kB
Error response from daemon: No build stage in current context
[root@localhost mongo]# vim Dockerfile 
[root@localhost mongo]# sudo docker build -t mongo .
Sending build context to Docker daemon   2.56kB
Step 1/7 : FROM ubuntu:latest
latest: Pulling from library/ubuntu
6b98dfc16071: Pull complete 
4001a1209541: Pull complete 
6319fc68c576: Pull complete 
b24603670dc3: Pull complete 
97f170c87c6f: Pull complete 
Digest: sha256:5f4bdc3467537cbbe563e80db2c3ec95d548a9145d64453b06939c4592d67b6d
Status: Downloaded newer image for ubuntu:latest
 ---> 113a43faa138
Step 2/7 : RUN   apt-key adv --keyserver hkp://keyserver.ubuntu.com:80 --recv 7F0CEB10 &&   echo 'deb http://downloads-distro.mongodb.org/repo/ubuntu-upstart dist 10gen' > /etc/apt/sources.list.d/mongodb.list &&   apt-get update &&   apt-get install -y mongodb-org &&   rm -rf /var/lib/apt/lists/*
 ---> Running in aa3f0fe2165f
E: gnupg, gnupg2 and gnupg1 do not seem to be installed, but one of them is required for this operation
The command '/bin/sh -c apt-key adv --keyserver hkp://keyserver.ubuntu.com:80 --recv 7F0CEB10 &&   echo 'deb http://downloads-distro.mongodb.org/repo/ubuntu-upstart dist 10gen' > /etc/apt/sources.list.d/mongodb.list &&   apt-get update &&   apt-get install -y mongodb-org &&   rm -rf /var/lib/apt/lists/*' returned a non-zero code: 255
[root@localhost mongo]# cd ..
[root@localhost MongoDB]# ls
bitnami_mongo  Dockerfile  mongo
[root@localhost MongoDB]# rm -rf mongo/
[root@localhost MongoDB]# ls
bitnami_mongo  Dockerfile
[root@localhost MongoDB]# docker build -t .
invalid argument "." for "-t, --tag" flag: invalid reference format
See 'docker build --help'.
[root@localhost MongoDB]# sudo docker build -t mongo .
Sending build context to Docker daemon  4.096kB
Step 1/7 : FROM ubuntu:16.04
16.04: Pulling from library/ubuntu
b234f539f7a1: Pull complete 
55172d420b43: Pull complete 
5ba5bbeb6b91: Pull complete 
43ae2841ad7a: Pull complete 
f6c9c6de4190: Pull complete 
Digest: sha256:b050c1822d37a4463c01ceda24d0fc4c679b0dd3c43e742730e2884d3c582e3a
Status: Downloaded newer image for ubuntu:16.04
 ---> 5e8b97a2a082
Step 2/7 : RUN apt-key adv --keyserver hkp://keyserver.ubuntu.com:80 --recv EA312927
 ---> Running in 564d7463a0f6
Executing: /tmp/tmp.KWoRm7xPav/gpg.1.sh --keyserver
hkp://keyserver.ubuntu.com:80
--recv
EA312927
gpg: requesting key EA312927 from hkp server keyserver.ubuntu.com
gpg: key EA312927: public key "MongoDB 3.2 Release Signing Key <packaging@mongodb.com>" imported
gpg: Total number processed: 1
gpg:               imported: 1  (RSA: 1)
Removing intermediate container 564d7463a0f6
 ---> faff800d720f
Step 3/7 : RUN echo "deb http://repo.mongodb.org/apt/ubuntu $(cat /etc/lsb-release | grep DISTRIB_CODENAME | cut -d= -f2)/mongodb-org/3.2 multiverse" | tee /etc/apt/sources.list.d/mongodb-org-3.2.list
 ---> Running in dfd4f3b8b617
deb http://repo.mongodb.org/apt/ubuntu xenial/mongodb-org/3.2 multiverse
Removing intermediate container dfd4f3b8b617
 ---> f4f729bad627
Step 4/7 : RUN apt-get update && apt-get install -y mongodb-org
 ---> Running in 59c3425169e6
Ign:1 http://repo.mongodb.org/apt/ubuntu xenial/mongodb-org/3.2 InRelease
Get:2 http://security.ubuntu.com/ubuntu xenial-security InRelease [107 kB]
Get:3 http://repo.mongodb.org/apt/ubuntu xenial/mongodb-org/3.2 Release [3462 B]
Get:4 http://repo.mongodb.org/apt/ubuntu xenial/mongodb-org/3.2 Release.gpg [801 B]
Get:5 http://security.ubuntu.com/ubuntu xenial-security/universe Sources [81.2 kB]
Get:6 http://security.ubuntu.com/ubuntu xenial-security/main amd64 Packages [652 kB]
Get:7 http://repo.mongodb.org/apt/ubuntu xenial/mongodb-org/3.2/multiverse amd64 Packages [10.1 kB]
Get:8 http://archive.ubuntu.com/ubuntu xenial InRelease [247 kB]
Get:9 http://security.ubuntu.com/ubuntu xenial-security/restricted amd64 Packages [12.7 kB]
Get:10 http://security.ubuntu.com/ubuntu xenial-security/universe amd64 Packages [450 kB]
Get:11 http://security.ubuntu.com/ubuntu xenial-security/multiverse amd64 Packages [3735 B]
Get:12 http://archive.ubuntu.com/ubuntu xenial-updates InRelease [109 kB]
Get:13 http://archive.ubuntu.com/ubuntu xenial-backports InRelease [107 kB]
Get:14 http://archive.ubuntu.com/ubuntu xenial/universe Sources [9802 kB]
Get:15 http://archive.ubuntu.com/ubuntu xenial/main amd64 Packages [1558 kB]
Get:16 http://archive.ubuntu.com/ubuntu xenial/restricted amd64 Packages [14.1 kB]
Get:17 http://archive.ubuntu.com/ubuntu xenial/universe amd64 Packages [9827 kB]
Get:18 http://archive.ubuntu.com/ubuntu xenial/multiverse amd64 Packages [176 kB]
Get:19 http://archive.ubuntu.com/ubuntu xenial-updates/universe Sources [257 kB]
Get:20 http://archive.ubuntu.com/ubuntu xenial-updates/main amd64 Packages [1028 kB]
Get:21 http://archive.ubuntu.com/ubuntu xenial-updates/restricted amd64 Packages [13.1 kB]
Get:22 http://archive.ubuntu.com/ubuntu xenial-updates/universe amd64 Packages [821 kB]
Get:23 http://archive.ubuntu.com/ubuntu xenial-updates/multiverse amd64 Packages [18.8 kB]
Get:24 http://archive.ubuntu.com/ubuntu xenial-backports/main amd64 Packages [5157 B]
Get:25 http://archive.ubuntu.com/ubuntu xenial-backports/universe amd64 Packages [9047 B]
Fetched 25.3 MB in 24s (1053 kB/s)
Reading package lists...
Reading package lists...
Building dependency tree...
Reading state information...
The following additional packages will be installed:
  libssl1.0.0 mongodb-org-mongos mongodb-org-server mongodb-org-shell
  mongodb-org-tools
The following NEW packages will be installed:
  libssl1.0.0 mongodb-org mongodb-org-mongos mongodb-org-server
  mongodb-org-shell mongodb-org-tools
0 upgraded, 6 newly installed, 0 to remove and 6 not upgraded.
Need to get 52.8 MB of archives.
After this operation, 218 MB of additional disk space will be used.
Get:1 http://repo.mongodb.org/apt/ubuntu xenial/mongodb-org/3.2/multiverse amd64 mongodb-org-shell amd64 3.2.20 [5277 kB]
Get:2 http://archive.ubuntu.com/ubuntu xenial-updates/main amd64 libssl1.0.0 amd64 1.0.2g-1ubuntu4.13 [1083 kB]
Get:3 http://repo.mongodb.org/apt/ubuntu xenial/mongodb-org/3.2/multiverse amd64 mongodb-org-server amd64 3.2.20 [10.0 MB]
Get:4 http://repo.mongodb.org/apt/ubuntu xenial/mongodb-org/3.2/multiverse amd64 mongodb-org-mongos amd64 3.2.20 [4677 kB]
Get:5 http://repo.mongodb.org/apt/ubuntu xenial/mongodb-org/3.2/multiverse amd64 mongodb-org-tools amd64 3.2.20 [31.8 MB]
Get:6 http://repo.mongodb.org/apt/ubuntu xenial/mongodb-org/3.2/multiverse amd64 mongodb-org amd64 3.2.20 [3550 B]
debconf: delaying package configuration, since apt-utils is not installed
Fetched 52.8 MB in 25s (2095 kB/s)
Selecting previously unselected package libssl1.0.0:amd64.
(Reading database ... 4768 files and directories currently installed.)
Preparing to unpack .../libssl1.0.0_1.0.2g-1ubuntu4.13_amd64.deb ...
Unpacking libssl1.0.0:amd64 (1.0.2g-1ubuntu4.13) ...
Selecting previously unselected package mongodb-org-shell.
Preparing to unpack .../mongodb-org-shell_3.2.20_amd64.deb ...
Unpacking mongodb-org-shell (3.2.20) ...
Selecting previously unselected package mongodb-org-server.
Preparing to unpack .../mongodb-org-server_3.2.20_amd64.deb ...
Unpacking mongodb-org-server (3.2.20) ...
Selecting previously unselected package mongodb-org-mongos.
Preparing to unpack .../mongodb-org-mongos_3.2.20_amd64.deb ...
Unpacking mongodb-org-mongos (3.2.20) ...
Selecting previously unselected package mongodb-org-tools.
Preparing to unpack .../mongodb-org-tools_3.2.20_amd64.deb ...
Unpacking mongodb-org-tools (3.2.20) ...
Selecting previously unselected package mongodb-org.
Preparing to unpack .../mongodb-org_3.2.20_amd64.deb ...
Unpacking mongodb-org (3.2.20) ...
Processing triggers for libc-bin (2.23-0ubuntu10) ...
Setting up libssl1.0.0:amd64 (1.0.2g-1ubuntu4.13) ...
debconf: unable to initialize frontend: Dialog
debconf: (TERM is not set, so the dialog frontend is not usable.)
debconf: falling back to frontend: Readline
debconf: unable to initialize frontend: Readline
debconf: (Can't locate Term/ReadLine.pm in @INC (you may need to install the Term::ReadLine module) (@INC contains: /etc/perl /usr/local/lib/x86_64-linux-gnu/perl/5.22.1 /usr/local/share/perl/5.22.1 /usr/lib/x86_64-linux-gnu/perl5/5.22 /usr/share/perl5 /usr/lib/x86_64-linux-gnu/perl/5.22 /usr/share/perl/5.22 /usr/local/lib/site_perl /usr/lib/x86_64-linux-gnu/perl-base .) at /usr/share/perl5/Debconf/FrontEnd/Readline.pm line 7.)
debconf: falling back to frontend: Teletype
Setting up mongodb-org-shell (3.2.20) ...
Setting up mongodb-org-server (3.2.20) ...
Adding system user `mongodb' (UID 105) ...
Adding new user `mongodb' (UID 105) with group `nogroup' ...
Not creating home directory `/home/mongodb'.
Adding group `mongodb' (GID 106) ...
Done.
Adding user `mongodb' to group `mongodb' ...
Adding user mongodb to group mongodb
Done.
Setting up mongodb-org-mongos (3.2.20) ...
Setting up mongodb-org-tools (3.2.20) ...
Setting up mongodb-org (3.2.20) ...
Processing triggers for libc-bin (2.23-0ubuntu10) ...
Removing intermediate container 59c3425169e6
 ---> 4accd688f7cf
Step 5/7 : RUN mkdir -p /data/db
 ---> Running in 9ffc5cb4d9ad
Removing intermediate container 9ffc5cb4d9ad
 ---> dcbc231370f2
Step 6/7 : EXPOSE 27017
 ---> Running in 3adc4710f4ea
Removing intermediate container 3adc4710f4ea
 ---> 59752acf898a
Step 7/7 : ENTRYPOINT ["/usr/bin/mongod"]
 ---> Running in 40e6bcbeed65
Removing intermediate container 40e6bcbeed65
 ---> 1b285b0100f5
Successfully built 1b285b0100f5
Successfully tagged mongo:latest
[root@localhost MongoDB]# docker build -t mongo .
Sending build context to Docker daemon  4.096kB
Step 1/7 : FROM ubuntu:16.04
 ---> 5e8b97a2a082
Step 2/7 : RUN apt-key adv --keyserver hkp://keyserver.ubuntu.com:80 --recv EA312927
 ---> Using cache
 ---> faff800d720f
Step 3/7 : RUN echo "deb http://repo.mongodb.org/apt/ubuntu $(cat /etc/lsb-release | grep DISTRIB_CODENAME | cut -d= -f2)/mongodb-org/3.2 multiverse" | tee /etc/apt/sources.list.d/mongodb-org-3.2.list
 ---> Using cache
 ---> f4f729bad627
Step 4/7 : RUN apt-get update && apt-get install -y mongodb-org
 ---> Using cache
 ---> 4accd688f7cf
Step 5/7 : RUN mkdir -p /data/db
 ---> Using cache
 ---> dcbc231370f2
Step 6/7 : EXPOSE 27017
 ---> Using cache
 ---> 59752acf898a
Step 7/7 : ENTRYPOINT ["/usr/bin/mongod"]
 ---> Using cache
 ---> 1b285b0100f5
Successfully built 1b285b0100f5
Successfully tagged mongo:latest
[root@localhost MongoDB]# docker run -p 27017:27017 -i -t mongo
2018-06-28T14:46:58.510+0000 I CONTROL  [initandlisten] MongoDB starting : pid=1 port=27017 dbpath=/data/db 64-bit host=83d8363ed1a3
2018-06-28T14:46:58.510+0000 I CONTROL  [initandlisten] db version v3.2.20
2018-06-28T14:46:58.510+0000 I CONTROL  [initandlisten] git version: a7a144f40b70bfe290906eb33ff2714933544af8
2018-06-28T14:46:58.510+0000 I CONTROL  [initandlisten] OpenSSL version: OpenSSL 1.0.2g  1 Mar 2016
2018-06-28T14:46:58.510+0000 I CONTROL  [initandlisten] allocator: tcmalloc
2018-06-28T14:46:58.510+0000 I CONTROL  [initandlisten] modules: none
2018-06-28T14:46:58.510+0000 I CONTROL  [initandlisten] build environment:
2018-06-28T14:46:58.510+0000 I CONTROL  [initandlisten]     distmod: ubuntu1604
2018-06-28T14:46:58.510+0000 I CONTROL  [initandlisten]     distarch: x86_64
2018-06-28T14:46:58.510+0000 I CONTROL  [initandlisten]     target_arch: x86_64
2018-06-28T14:46:58.510+0000 I CONTROL  [initandlisten] options: {}
2018-06-28T14:46:58.529+0000 I STORAGE  [initandlisten] wiredtiger_open config: create,cache_size=1G,session_max=20000,eviction=(threads_min=4,threads_max=4),config_base=false,statistics=(fast),log=(enabled=true,archive=true,path=journal,compressor=snappy),file_manager=(close_idle_time=100000),checkpoint=(wait=60,log_size=2GB),statistics_log=(wait=0),verbose=(recovery_progress),
2018-06-28T14:46:58.600+0000 I CONTROL  [initandlisten] ** WARNING: You are running this process as the root user, which is not recommended.
2018-06-28T14:46:58.600+0000 I CONTROL  [initandlisten] 
2018-06-28T14:46:58.609+0000 I FTDC     [initandlisten] Initializing full-time diagnostic data capture with directory '/data/db/diagnostic.data'
2018-06-28T14:46:58.609+0000 I NETWORK  [initandlisten] waiting for connections on port 27017
2018-06-28T14:46:58.609+0000 I NETWORK  [HostnameCanonicalizationWorker] Starting hostname canonicalization worker
^C2018-06-28T14:47:51.541+0000 I CONTROL  [signalProcessingThread] got signal 2 (Interrupt), will terminate after current cmd ends
2018-06-28T14:47:51.541+0000 I FTDC     [signalProcessingThread] Shutting down full-time diagnostic data capture
2018-06-28T14:47:51.555+0000 I CONTROL  [signalProcessingThread] now exiting
2018-06-28T14:47:51.556+0000 I NETWORK  [signalProcessingThread] shutdown: going to close listening sockets...
2018-06-28T14:47:51.556+0000 I NETWORK  [signalProcessingThread] closing listening socket: 5
2018-06-28T14:47:51.556+0000 I NETWORK  [signalProcessingThread] closing listening socket: 6
2018-06-28T14:47:51.556+0000 I NETWORK  [signalProcessingThread] removing socket file: /tmp/mongodb-27017.sock
2018-06-28T14:47:51.557+0000 I NETWORK  [signalProcessingThread] shutdown: going to flush diaglog...
2018-06-28T14:47:51.557+0000 I NETWORK  [signalProcessingThread] shutdown: going to close sockets...
2018-06-28T14:47:51.557+0000 I STORAGE  [signalProcessingThread] WiredTigerKVEngine shutting down
2018-06-28T14:47:51.610+0000 I STORAGE  [signalProcessingThread] shutdown: removing fs lock...
2018-06-28T14:47:51.611+0000 I CONTROL  [signalProcessingThread] dbexit:  rc: 0
[root@localhost MongoDB]# docker image ls
REPOSITORY          TAG                 IMAGE ID            CREATED             SIZE
mongo               latest              1b285b0100f5        3 minutes ago       373MB
ubuntu              16.04               5e8b97a2a082        3 weeks ago         114MB
ubuntu              latest              113a43faa138        3 weeks ago         81.2MB
[root@localhost MongoDB]# ls
bitnami_mongo  Dockerfile
[root@localhost MongoDB]# cd bitnami_mongo/
[root@localhost bitnami_mongo]# ls
docker-compose.yml
[root@localhost bitnami_mongo]# docker-compose up
Pulling mongodb (bitnami/mongodb:3.6)...
3.6: Pulling from bitnami/mongodb
94921271ec3a: Pull complete
b8478a8bce2b: Pull complete
3ac236401bf6: Pull complete
ae56db4de94c: Pull complete
61cb3478fe41: Pull complete
da8911d81853: Pull complete
e5976781ce8c: Pull complete
23ea5023af9c: Pull complete
adcc73225252: Pull complete
f49579023d8a: Pull complete
Digest: sha256:7253b9bc583a035b401ee57b479ec1eaab2c69073e43870bb66a72f1b38d75ba
Status: Downloaded newer image for bitnami/mongodb:3.6
Creating bitnami_mongo_mongodb_1 ... done
Attaching to bitnami_mongo_mongodb_1
mongodb_1  | 
mongodb_1  | Welcome to the Bitnami mongodb container
mongodb_1  | Subscribe to project updates by watching https://github.com/bitnami/bitnami-docker-mongodb
mongodb_1  | Submit issues and feature requests at https://github.com/bitnami/bitnami-docker-mongodb/issues
mongodb_1  | 
mongodb_1  | nami    INFO  Initializing mongodb
mongodb_1  | mongodb INFO  ==> Deploying MongoDB with persisted data...
mongodb_1  | mongodb INFO  ==> No injected configuration files found. Creating default config files...
mongodb_1  | mongodb INFO 
mongodb_1  | mongodb INFO  ########################################################################
mongodb_1  | mongodb INFO   Installation parameters for mongodb:
mongodb_1  | mongodb INFO     Persisted data and properties have been restored.
mongodb_1  | mongodb INFO     Any input specified will not take effect.
mongodb_1  | mongodb INFO   This installation requires no credentials.
mongodb_1  | mongodb INFO  ########################################################################
mongodb_1  | mongodb INFO 
mongodb_1  | nami    INFO  mongodb successfully initialized
mongodb_1  | INFO  ==> Starting mongodb... 
mongodb_1  | INFO  ==> Starting mongod...
mongodb_1  | 2018-06-28T14:50:32.066+0000 I CONTROL  [initandlisten] MongoDB starting : pid=42 port=27017 dbpath=/opt/bitnami/mongodb/data/db 64-bit host=9dd1920d720a
mongodb_1  | 2018-06-28T14:50:32.066+0000 I CONTROL  [initandlisten] db version v3.6.5
mongodb_1  | 2018-06-28T14:50:32.066+0000 I CONTROL  [initandlisten] git version: a20ecd3e3a174162052ff99913bc2ca9a839d618
mongodb_1  | 2018-06-28T14:50:32.066+0000 I CONTROL  [initandlisten] OpenSSL version: OpenSSL 1.0.1t  3 May 2016
mongodb_1  | 2018-06-28T14:50:32.066+0000 I CONTROL  [initandlisten] allocator: tcmalloc
mongodb_1  | 2018-06-28T14:50:32.066+0000 I CONTROL  [initandlisten] modules: none
mongodb_1  | 2018-06-28T14:50:32.066+0000 I CONTROL  [initandlisten] build environment:
mongodb_1  | 2018-06-28T14:50:32.066+0000 I CONTROL  [initandlisten]     distmod: debian81
mongodb_1  | 2018-06-28T14:50:32.066+0000 I CONTROL  [initandlisten]     distarch: x86_64
mongodb_1  | 2018-06-28T14:50:32.066+0000 I CONTROL  [initandlisten]     target_arch: x86_64
mongodb_1  | 2018-06-28T14:50:32.066+0000 I CONTROL  [initandlisten] options: { config: "/opt/bitnami/mongodb/conf/mongodb.conf", net: { bindIpAll: true, ipv6: true, port: 27017, unixDomainSocket: { enabled: true, pathPrefix: "/opt/bitnami/mongodb/tmp" } }, processManagement: { fork: false, pidFilePath: "/opt/bitnami/mongodb/tmp/mongodb.pid" }, security: { authorization: "disabled" }, setParameter: { enableLocalhostAuthBypass: "true" }, storage: { dbPath: "/opt/bitnami/mongodb/data/db", journal: { enabled: true } }, systemLog: { destination: "file", logAppend: true, path: true } }
mongodb_1  | 2018-06-28T14:50:32.067+0000 I -        [initandlisten] Detected data files in /opt/bitnami/mongodb/data/db created by the 'wiredTiger' storage engine, so setting the active storage engine to 'wiredTiger'.
mongodb_1  | 2018-06-28T14:50:32.067+0000 I STORAGE  [initandlisten] wiredtiger_open config: create,cache_size=256M,session_max=20000,eviction=(threads_min=4,threads_max=4),config_base=false,statistics=(fast),cache_cursors=false,log=(enabled=true,archive=true,path=journal,compressor=snappy),file_manager=(close_idle_time=100000),statistics_log=(wait=0),verbose=(recovery_progress),
mongodb_1  | 2018-06-28T14:50:33.137+0000 I STORAGE  [initandlisten] WiredTiger message [1530197433:131694][42:0x7f0f4d325a00], txn-recover: Main recovery loop: starting at 2/17280
mongodb_1  | 2018-06-28T14:50:33.512+0000 I STORAGE  [initandlisten] WiredTiger message [1530197433:495942][42:0x7f0f4d325a00], txn-recover: Recovering log 2 through 3
mongodb_1  | 2018-06-28T14:50:33.642+0000 I STORAGE  [initandlisten] WiredTiger message [1530197433:642671][42:0x7f0f4d325a00], txn-recover: Recovering log 3 through 3
mongodb_1  | 2018-06-28T14:50:33.709+0000 I STORAGE  [initandlisten] WiredTiger message [1530197433:709425][42:0x7f0f4d325a00], txn-recover: Set global recovery timestamp: 0
mongodb_1  | 2018-06-28T14:50:33.828+0000 I FTDC     [initandlisten] Initializing full-time diagnostic data capture with directory '/opt/bitnami/mongodb/data/db/diagnostic.data'
mongodb_1  | 2018-06-28T14:50:33.829+0000 I NETWORK  [initandlisten] waiting for connections on port 27017
mongo
^CGracefully stopping... (press Ctrl+C again to force)
Stopping bitnami_mongo_mongodb_1 ... 
Stopping bitnami_mongo_mongodb_1 ... done
[root@localhost bitnami_mongo]# 
[root@localhost bitnami_mongo]# ls
docker-compose.yml
[root@localhost bitnami_mongo]# cd ..
[root@localhost MongoDB]# ls
bitnami_mongo  Dockerfile
[root@localhost MongoDB]# cd bitnami_mongo/
[root@localhost bitnami_mongo]# ls
docker-compose.yml
[root@localhost bitnami_mongo]# docker-compose up
Starting bitnami_mongo_mongodb_1 ... done
Attaching to bitnami_mongo_mongodb_1
mongodb_1  | 
mongodb_1  | Welcome to the Bitnami mongodb container
mongodb_1  | Subscribe to project updates by watching https://github.com/bitnami/bitnami-docker-mongodb
mongodb_1  | Submit issues and feature requests at https://github.com/bitnami/bitnami-docker-mongodb/issues
mongodb_1  | 
mongodb_1  | INFO  ==> Starting mongodb... 
mongodb_1  | INFO  ==> Starting mongod...
mongodb_1  | 2018-06-28T15:00:52.083+0000 I CONTROL  [initandlisten] MongoDB starting : pid=20 port=27017 dbpath=/opt/bitnami/mongodb/data/db 64-bit host=9dd1920d720a
mongodb_1  | 2018-06-28T15:00:52.083+0000 I CONTROL  [initandlisten] db version v3.6.5
mongodb_1  | 2018-06-28T15:00:52.083+0000 I CONTROL  [initandlisten] git version: a20ecd3e3a174162052ff99913bc2ca9a839d618
mongodb_1  | 2018-06-28T15:00:52.083+0000 I CONTROL  [initandlisten] OpenSSL version: OpenSSL 1.0.1t  3 May 2016
mongodb_1  | 2018-06-28T15:00:52.083+0000 I CONTROL  [initandlisten] allocator: tcmalloc
mongodb_1  | 2018-06-28T15:00:52.083+0000 I CONTROL  [initandlisten] modules: none
mongodb_1  | 2018-06-28T15:00:52.083+0000 I CONTROL  [initandlisten] build environment:
mongodb_1  | 2018-06-28T15:00:52.083+0000 I CONTROL  [initandlisten]     distmod: debian81
mongodb_1  | 2018-06-28T15:00:52.083+0000 I CONTROL  [initandlisten]     distarch: x86_64
mongodb_1  | 2018-06-28T15:00:52.083+0000 I CONTROL  [initandlisten]     target_arch: x8
